// Jest Snapshot v1, https://goo.gl/fbAQLP

exports[`TestItem should render correctly 1`] = `
<styled.div>
  <h3>
    NaN
    :
     
    Desc
  </h3>
  <br />
  <p>
    Status:
  </p>
  <styled.p
    color="red"
    data-testId="text-bold"
  >
    Failed
  </styled.p>
</styled.div>
`;
